// Jest Snapshot v1, https://goo.gl/fbAQLP

exports[`App renders the App component 1`] = `
<div
  className="App"
>
  <header />
  <withRouter(Connect(Search)) />
  <Switch>
    <Route
      component={[Function]}
      exact={true}
      path="/"
    />
    <Route
      exact={true}
      path="/favorited"
      render={[Function]}
    />
    <Route
      exact={true}
      path="/search"
      render={[Function]}
    />
    <Route
      component={[Function]}
      exact={true}
      path="/error"
    />
    <Route
      component={[Function]}
    />
  </Switch>
</div>
`;
