// Jest Snapshot v1, https://goo.gl/fbAQLP

exports[`Header renders the Header component 1`] = `
<div
  className="Header"
>
  <Title />
  <Favorited />
</div>
`;
