// Jest Snapshot v1, https://goo.gl/fbAQLP

exports[`renders correctly 1`] = `
<div
  className="Modal"
>
  <button
    className="FavBtn"
    id={undefined}
    onClick={[Function]}
  />
  <a
    href={true}
    rel="noopener noreferrer"
    target="_blank"
  >
    Link
  </a>
</div>
`;
